// Jest Snapshot v1, https://goo.gl/fbAQLP

exports[`<TodoListApp /> Component App to match snapshot 1`] = `
<div
  className="App"
>
  <div
    className="form-todo"
  >
    <br />
    <input
      className="input-form-todo"
      onChange={[Function]}
      onKeyUp={[Function]}
      value=""
    />
    <button
      className="btn btn-add"
      onClick={[Function]}
    >
      Adicionar
    </button>
    <button
      className="btn btn-clear"
      onClick={[Function]}
    >
      Limpar
    </button>
  </div>
  <div
    className="lista"
  />
  <span
    className="todo-empty"
  >
    Ainda nao foi cadastrado nenhum TODO
  </span>
</div>
`;
